________________________________________________________________________________
Miniforge (conda) has been loaded.

- Please create and work in your own conda environments:
    conda create -n myenv python=3.12
    conda activate myenv

- To customize environment or package locations, edit your ~/.condarc:
    envs_dirs:
      - /path/to/your/envs
    pkgs_dirs:
      - /path/to/your/pkgs

  For more information, see:
    https://docs.conda.io/projects/conda/en/latest/configuration.html

- If your personal Conda stops working after unloading this module, try:
    source ~/.bashrc
________________________________________________________________________________

Lmod has detected the following error: Conda is already active (CONDA_PREFIX
is set). Module conda/Miniforge3-25.9.1-0 not loaded. 
While processing the following module(s):
    Module fullname            Module Filename
    ---------------            ---------------
    conda/Miniforge3-25.9.1-0  /sw/klone/conda/Miniforge3-25.9.1-0.lua

