Beauty dir: /mmfs1/home/evanly/remember-me/training/beauty
Repo root:  /mmfs1/home/evanly/remember-me
Data root:  /gscratch/intelligentsystems/evanly/data/SCUT-FBP5500
=== SLURM job 35384913 on g3013 ===
Start: Wed May 20 00:07:33 PDT 2026
Env: /gscratch/intelligentsystems/evanly/conda_envs/beauty-train
torch 2.12.0+cu130, 4 CUDA device(s)
Device: cuda:0  |  distributed=True  |  world_size=4
Train samples: 3300  |  Val samples: 2200
EMA: enabled decay=0.99 (steps/epoch=25)
  epoch 01  train_mse=9.3762  val_mse=9.5815  val_mae=3.0219  pearson=0.2839
    ↑ new best pearson=0.2839 (ema) → saved to /mmfs1/home/evanly/remember-me/training/beauty/checkpoints/beauty_regressor.pt
  epoch 02  train_mse=7.8853  val_mse=9.4092  val_mae=2.9933  pearson=0.2841
    ↑ new best pearson=0.2841 (ema) → saved to /mmfs1/home/evanly/remember-me/training/beauty/checkpoints/beauty_regressor.pt
  epoch 03  train_mse=4.8412  val_mse=9.0569  val_mae=2.9334  pearson=0.2224
  epoch 04  train_mse=1.2199  val_mse=8.3624  val_mae=2.8121  pearson=0.1264
  epoch 05  train_mse=0.2492  val_mse=7.0005  val_mae=2.5574  pearson=0.0749
  epoch 06  train_mse=0.1890  val_mse=4.9750  val_mae=2.1300  pearson=0.2198
  epoch 07  train_mse=0.1596  val_mse=3.2135  val_mae=1.6838  pearson=0.4428
    ↑ new best pearson=0.4428 (ema) → saved to /mmfs1/home/evanly/remember-me/training/beauty/checkpoints/beauty_regressor.pt
  epoch 08  train_mse=0.1449  val_mse=2.1010  val_mae=1.3392  pearson=0.6273
    ↑ new best pearson=0.6273 (ema) → saved to /mmfs1/home/evanly/remember-me/training/beauty/checkpoints/beauty_regressor.pt
  epoch 09  train_mse=0.1362  val_mse=1.3764  val_mae=1.0628  pearson=0.7313
    ↑ new best pearson=0.7313 (ema) → saved to /mmfs1/home/evanly/remember-me/training/beauty/checkpoints/beauty_regressor.pt
  epoch 10  train_mse=0.1197  val_mse=0.9220  val_mae=0.8496  pearson=0.7830
    ↑ new best pearson=0.7830 (ema) → saved to /mmfs1/home/evanly/remember-me/training/beauty/checkpoints/beauty_regressor.pt
  epoch 11  train_mse=0.1030  val_mse=0.6204  val_mae=0.6773  pearson=0.8141
    ↑ new best pearson=0.8141 (ema) → saved to /mmfs1/home/evanly/remember-me/training/beauty/checkpoints/beauty_regressor.pt
  epoch 12  train_mse=0.0981  val_mse=0.4352  val_mae=0.5518  pearson=0.8322
    ↑ new best pearson=0.8322 (ema) → saved to /mmfs1/home/evanly/remember-me/training/beauty/checkpoints/beauty_regressor.pt
  epoch 13  train_mse=0.1031  val_mse=0.3202  val_mae=0.4624  pearson=0.8435
    ↑ new best pearson=0.8435 (ema) → saved to /mmfs1/home/evanly/remember-me/training/beauty/checkpoints/beauty_regressor.pt
  epoch 14  train_mse=0.0869  val_mse=0.2409  val_mae=0.3935  pearson=0.8510
    ↑ new best pearson=0.8510 (ema) → saved to /mmfs1/home/evanly/remember-me/training/beauty/checkpoints/beauty_regressor.pt
  epoch 15  train_mse=0.0857  val_mse=0.1941  val_mae=0.3477  pearson=0.8567
    ↑ new best pearson=0.8567 (ema) → saved to /mmfs1/home/evanly/remember-me/training/beauty/checkpoints/beauty_regressor.pt
  epoch 16  train_mse=0.0815  val_mse=0.1624  val_mae=0.3135  pearson=0.8609
    ↑ new best pearson=0.8609 (ema) → saved to /mmfs1/home/evanly/remember-me/training/beauty/checkpoints/beauty_regressor.pt
  epoch 17  train_mse=0.0826  val_mse=0.1456  val_mae=0.2948  pearson=0.8648
    ↑ new best pearson=0.8648 (ema) → saved to /mmfs1/home/evanly/remember-me/training/beauty/checkpoints/beauty_regressor.pt
  epoch 18  train_mse=0.0795  val_mse=0.1348  val_mae=0.2829  pearson=0.8682
    ↑ new best pearson=0.8682 (ema) → saved to /mmfs1/home/evanly/remember-me/training/beauty/checkpoints/beauty_regressor.pt
  epoch 19  train_mse=0.0751  val_mse=0.1246  val_mae=0.2717  pearson=0.8710
    ↑ new best pearson=0.8710 (ema) → saved to /mmfs1/home/evanly/remember-me/training/beauty/checkpoints/beauty_regressor.pt
  epoch 20  train_mse=0.0756  val_mse=0.1185  val_mae=0.2650  pearson=0.8733
    ↑ new best pearson=0.8733 (ema) → saved to /mmfs1/home/evanly/remember-me/training/beauty/checkpoints/beauty_regressor.pt
  epoch 21  train_mse=0.0691  val_mse=0.1136  val_mae=0.2592  pearson=0.8749
    ↑ new best pearson=0.8749 (ema) → saved to /mmfs1/home/evanly/remember-me/training/beauty/checkpoints/beauty_regressor.pt
  epoch 22  train_mse=0.0693  val_mse=0.1113  val_mae=0.2566  pearson=0.8767
    ↑ new best pearson=0.8767 (ema) → saved to /mmfs1/home/evanly/remember-me/training/beauty/checkpoints/beauty_regressor.pt
  epoch 23  train_mse=0.0671  val_mse=0.1090  val_mae=0.2539  pearson=0.8780
    ↑ new best pearson=0.8780 (ema) → saved to /mmfs1/home/evanly/remember-me/training/beauty/checkpoints/beauty_regressor.pt
  epoch 24  train_mse=0.0607  val_mse=0.1074  val_mae=0.2521  pearson=0.8793
    ↑ new best pearson=0.8793 (ema) → saved to /mmfs1/home/evanly/remember-me/training/beauty/checkpoints/beauty_regressor.pt
  epoch 25  train_mse=0.0618  val_mse=0.1063  val_mae=0.2507  pearson=0.8804
    ↑ new best pearson=0.8804 (ema) → saved to /mmfs1/home/evanly/remember-me/training/beauty/checkpoints/beauty_regressor.pt
  epoch 26  train_mse=0.0519  val_mse=0.1043  val_mae=0.2479  pearson=0.8812
    ↑ new best pearson=0.8812 (ema) → saved to /mmfs1/home/evanly/remember-me/training/beauty/checkpoints/beauty_regressor.pt
  epoch 27  train_mse=0.0547  val_mse=0.1033  val_mae=0.2468  pearson=0.8819
    ↑ new best pearson=0.8819 (ema) → saved to /mmfs1/home/evanly/remember-me/training/beauty/checkpoints/beauty_regressor.pt
  epoch 28  train_mse=0.0574  val_mse=0.1029  val_mae=0.2464  pearson=0.8826
    ↑ new best pearson=0.8826 (ema) → saved to /mmfs1/home/evanly/remember-me/training/beauty/checkpoints/beauty_regressor.pt
  epoch 29  train_mse=0.0615  val_mse=0.1020  val_mae=0.2452  pearson=0.8832
    ↑ new best pearson=0.8832 (ema) → saved to /mmfs1/home/evanly/remember-me/training/beauty/checkpoints/beauty_regressor.pt
  epoch 30  train_mse=0.0615  val_mse=0.1020  val_mae=0.2451  pearson=0.8835
    ↑ new best pearson=0.8835 (ema) → saved to /mmfs1/home/evanly/remember-me/training/beauty/checkpoints/beauty_regressor.pt
  epoch 31  train_mse=0.0467  val_mse=0.1017  val_mae=0.2448  pearson=0.8838
    ↑ new best pearson=0.8838 (ema) → saved to /mmfs1/home/evanly/remember-me/training/beauty/checkpoints/beauty_regressor.pt
  epoch 32  train_mse=0.0516  val_mse=0.1019  val_mae=0.2448  pearson=0.8839
    ↑ new best pearson=0.8839 (ema) → saved to /mmfs1/home/evanly/remember-me/training/beauty/checkpoints/beauty_regressor.pt
  epoch 33  train_mse=0.0565  val_mse=0.1021  val_mae=0.2450  pearson=0.8840
    ↑ new best pearson=0.8840 (ema) → saved to /mmfs1/home/evanly/remember-me/training/beauty/checkpoints/beauty_regressor.pt
  epoch 34  train_mse=0.0497  val_mse=0.1022  val_mae=0.2453  pearson=0.8842
    ↑ new best pearson=0.8842 (ema) → saved to /mmfs1/home/evanly/remember-me/training/beauty/checkpoints/beauty_regressor.pt
  epoch 35  train_mse=0.0476  val_mse=0.1019  val_mae=0.2447  pearson=0.8844
    ↑ new best pearson=0.8844 (ema) → saved to /mmfs1/home/evanly/remember-me/training/beauty/checkpoints/beauty_regressor.pt
  epoch 36  train_mse=0.0472  val_mse=0.1016  val_mae=0.2442  pearson=0.8846
    ↑ new best pearson=0.8846 (ema) → saved to /mmfs1/home/evanly/remember-me/training/beauty/checkpoints/beauty_regressor.pt
  epoch 37  train_mse=0.0522  val_mse=0.1017  val_mae=0.2444  pearson=0.8847
    ↑ new best pearson=0.8847 (ema) → saved to /mmfs1/home/evanly/remember-me/training/beauty/checkpoints/beauty_regressor.pt
  epoch 38  train_mse=0.0488  val_mse=0.1012  val_mae=0.2440  pearson=0.8849
    ↑ new best pearson=0.8849 (ema) → saved to /mmfs1/home/evanly/remember-me/training/beauty/checkpoints/beauty_regressor.pt
  epoch 39  train_mse=0.0480  val_mse=0.1007  val_mae=0.2433  pearson=0.8852
    ↑ new best pearson=0.8852 (ema) → saved to /mmfs1/home/evanly/remember-me/training/beauty/checkpoints/beauty_regressor.pt
  epoch 40  train_mse=0.0438  val_mse=0.1007  val_mae=0.2433  pearson=0.8855
    ↑ new best pearson=0.8855 (ema) → saved to /mmfs1/home/evanly/remember-me/training/beauty/checkpoints/beauty_regressor.pt
  epoch 41  train_mse=0.0507  val_mse=0.1004  val_mae=0.2430  pearson=0.8857
    ↑ new best pearson=0.8857 (ema) → saved to /mmfs1/home/evanly/remember-me/training/beauty/checkpoints/beauty_regressor.pt
  epoch 42  train_mse=0.0437  val_mse=0.1001  val_mae=0.2426  pearson=0.8859
    ↑ new best pearson=0.8859 (ema) → saved to /mmfs1/home/evanly/remember-me/training/beauty/checkpoints/beauty_regressor.pt
  epoch 43  train_mse=0.0506  val_mse=0.1000  val_mae=0.2425  pearson=0.8859
    ↑ new best pearson=0.8859 (ema) → saved to /mmfs1/home/evanly/remember-me/training/beauty/checkpoints/beauty_regressor.pt
  epoch 44  train_mse=0.0473  val_mse=0.1000  val_mae=0.2424  pearson=0.8860
    ↑ new best pearson=0.8860 (ema) → saved to /mmfs1/home/evanly/remember-me/training/beauty/checkpoints/beauty_regressor.pt
  epoch 45  train_mse=0.0467  val_mse=0.0999  val_mae=0.2423  pearson=0.8860
  epoch 46  train_mse=0.0444  val_mse=0.0997  val_mae=0.2422  pearson=0.8860
    ↑ new best pearson=0.8860 (ema) → saved to /mmfs1/home/evanly/remember-me/training/beauty/checkpoints/beauty_regressor.pt
  epoch 47  train_mse=0.0484  val_mse=0.0999  val_mae=0.2425  pearson=0.8861
    ↑ new best pearson=0.8861 (ema) → saved to /mmfs1/home/evanly/remember-me/training/beauty/checkpoints/beauty_regressor.pt
  epoch 48  train_mse=0.0460  val_mse=0.0997  val_mae=0.2421  pearson=0.8861
    ↑ new best pearson=0.8861 (ema) → saved to /mmfs1/home/evanly/remember-me/training/beauty/checkpoints/beauty_regressor.pt
  epoch 49  train_mse=0.0488  val_mse=0.0996  val_mae=0.2420  pearson=0.8862
    ↑ new best pearson=0.8862 (ema) → saved to /mmfs1/home/evanly/remember-me/training/beauty/checkpoints/beauty_regressor.pt
  epoch 50  train_mse=0.0491  val_mse=0.0997  val_mae=0.2421  pearson=0.8861

Best validation Pearson r: 0.8862
Checkpoint: /mmfs1/home/evanly/remember-me/training/beauty/checkpoints/beauty_regressor.pt
Drop it into face-service/models/beauty_regressor.pt and restart the service to wire it into the pipeline.
NOTE: trained with --img-size 256. Set BEAUTY_IMG_SIZE=256 in face-service so inference matches.
Done: Wed May 20 00:22:04 PDT 2026
Checkpoint: /mmfs1/home/evanly/remember-me/training/beauty/checkpoints/beauty_regressor.pt
Deploy: set BEAUTY_IMG_SIZE=256 in face-service if not using the default 224.
